iteration 1 done.
iteration 2 done.
iteration 3 done.
iteration 4 done.
iteration 5 done.
iteration 6 done.
iteration 7 done.
iteration 8 done.
iteration 9 done.
iteration 10 done.
