[the, proud, man's, contumely]
the proud man's contumely 
