[Tom,  , likes,  , cola]
[Tom,  , likes,  , coffee]
