[1.23, 7.19, 8.901] [1.23, 7.19, 8.901]
[1.23, 7.19, 8.901] [2.22, 3.33]
