[9, 16, 41, 88] [9, 16, 41, 88]
[9, 16, 41, 88] [4, 12]
