a: [1.1, 2.2, 3.3]
a: [2.2, 3.3]
a: [3.3, 4.4, 5.5]
[[1.1, 2.2, 3.3], [2.2, 3.3], [3.3, 4.4, 5.5]]
the end.
