0 1
2 4
4 6

0 1
2 4
4 6

0 1
2 4
4 6

0 1
2 4
4 6

0 1
2 4
4 6

0 1
2 4
4 6

0 1
2 4
4 6

after loop.
