[0, 0, 0, 0, 0, 0, 0, 13]
[0, 0, 0, 0, 0, 2.34]
[false, false, false, true]
