[Tom,  , likes,  , cola]
[Sam,  , likes,  , cola]
