[[(, )], [l, m, n, o, p], [z]]
[[a, b, c], [l, m, n, o, p], [z]]
