abcdefghijklmnopqrstuvwxyz?!@#$%^&*()_+-=[]{}\|.:^<^>,./ABCDEFGHIJKLMNOPQRSTUVWXYZ0123456789