[1, 6, 1.234, 5] [1, 6, 1.234, 5] 
[3.33, 6.66, 10] 
