[-14, 1, 4_2/3] [-14, 1, 4_2/3] 
[1_8/9, 7_1/2] 
