[-14, 1, 4_2/3, 97, 46] [-14, 1, 4_2/3, 97, 46] 
[1_8/9, 7_1/2] 
