[97, 98, 4_2/3] [97, 98, 4_2/3] 
[1_8/9, 7_1/2] 
