[-14, 1, 3.2695, 37, 64] [-14, 1, 3.2695, 37, 64] 
[1.2, 4.8] 
