[1, 2, 3, 4, 5, 6]
[1, 4, 9, 16, 25, 36]
[[1, 1], [2, 4], [3, 9], [4, 16], [5, 25], [6, 36]]
