[aaa, bbb, ccc, ddd, eee, fff]
[1, 4, 9, 16, 25, 36]
[[97, 1], [98, 4], [99, 9], [100, 16], [101, 25], [102, 36]]
