Hello World!Hello World!K
HH
HeHe
Hello World!Hello World!
Hello World!Hello World!K