Hello World!You're Crazy!
Hello World!A
AHello World!
!dlroW olleH
!yzarC er'uoY
!dlroW olleHYou're Crazy!
!yzarC er'uoY!dlroW olleH