[[1, 1], [3, 2], [5, 3], [7, 5], [9, 7], [11, 11]]
