[1, 2, 3, 4, 5] [1, 1, 2, 3, 5, 8, 13] [1, 1, 3, 7, 17]
