12.2 36.6 33.5 42
15.5 36.6 33.5 42
15.5 10.05 33.5 42
15.5 10.05 1.54229 42
15.5 10.05 1.54229 1
2 12 
