0 6 
1 6 
2 12 
3 36 
4 72 
5 120 
6 180 
7 252 
8 672 
9 2592 
done.
