12.2 24.4 21 2.1 42
24 21 
12.1 
15.5 24.4 21 2.1 42
15.5 6.3 21 2.1 42
15.5 6.3 2 2.1 42
15.5 6.3 2 48.825 42
15.5 6.3 2 48.825 2
2 8 61.825 
