12.2 36.6 21 42
36 21 
15.5 36.6 21 42
15.5 6.3 21 42
15.5 6.3 2 42
15.5 6.3 2 2
2 8 
